../Core/Src/main.c:263:6:delay_in_us	16	static
../Core/Src/main.c:277:6:HAL_TIM_IC_CaptureCallback	16	static
../Core/Src/main.c:354:6:HCSR04_Read	8	static
../Core/Src/main.c:383:6:HCSR2_Read	8	static
../Core/Src/main.c:395:6:HCSR5_Read	8	static
../Core/Src/main.c:411:6:stateMachine	8	static
../Core/Src/main.c:467:6:HAL_UART_TxCpltCallback	16	static
../Core/Src/main.c:481:6:HAL_UART_RxCpltCallback	16	static
../Core/Src/main.c:568:6:HAL_TIM_PeriodElapsedCallback	16	static
../Core/Src/main.c:591:6:turnFunc	24	static
../Core/Src/main.c:604:6:speed	24	static
../Core/Src/main.c:625:6:turnLeft	16	static
../Core/Src/main.c:648:6:turnRight	16	static
../Core/Src/main.c:665:6:goStraight	16	static
../Core/Src/main.c:681:9:angle_to_speed	24	static
../Core/Src/main.c:696:6:turnDOLLE	8	static
../Core/Src/main.c:720:6:reinitalize_USART1	8	static
../Core/Src/main.c:737:5:main	16	static
../Core/Src/main.c:1405:6:SystemClock_Config	88	static
../Core/Src/main.c:1446:13:MX_TIM1_Init	40	static
../Core/Src/main.c:1496:13:MX_TIM3_Init	64	static
../Core/Src/main.c:1559:13:MX_TIM14_Init	24	static
../Core/Src/main.c:1604:13:MX_TIM15_Init	40	static
../Core/Src/main.c:1657:13:MX_TIM17_Init	24	static
../Core/Src/main.c:1703:13:MX_USART1_UART_Init	8	static
../Core/Src/main.c:1751:13:MX_USART2_UART_Init	8	static
../Core/Src/main.c:1797:13:MX_DMA_Init	16	static
../Core/Src/main.c:1818:13:MX_GPIO_Init	56	static
../Core/Src/main.c:1875:6:Error_Handler	8	static,ignoring_inline_asm
