../Core/Src/main.c:269:6:delay_in_us	16	static
../Core/Src/main.c:283:6:HAL_TIM_IC_CaptureCallback	16	static
../Core/Src/main.c:360:6:HCSR04_Read	8	static
../Core/Src/main.c:389:6:HCSR2_Read	8	static
../Core/Src/main.c:401:6:HCSR5_Read	8	static
../Core/Src/main.c:417:6:stateMachine	8	static
../Core/Src/main.c:473:6:HAL_UART_TxCpltCallback	16	static
../Core/Src/main.c:487:6:HAL_UART_RxCpltCallback	16	static
../Core/Src/main.c:575:6:HAL_TIM_PeriodElapsedCallback	16	static
../Core/Src/main.c:598:6:turnFunc	24	static
../Core/Src/main.c:611:6:speed	24	static
../Core/Src/main.c:632:6:turnLeft	16	static
../Core/Src/main.c:655:6:turnRight	16	static
../Core/Src/main.c:672:6:goStraight	16	static
../Core/Src/main.c:688:9:angle_to_speed	24	static
../Core/Src/main.c:703:6:turnDOLLE	8	static
../Core/Src/main.c:727:6:reinitalize_USART1	8	static
../Core/Src/main.c:745:5:main	16	static
../Core/Src/main.c:1465:6:SystemClock_Config	88	static
../Core/Src/main.c:1506:13:MX_TIM1_Init	40	static
../Core/Src/main.c:1556:13:MX_TIM3_Init	64	static
../Core/Src/main.c:1619:13:MX_TIM14_Init	24	static
../Core/Src/main.c:1664:13:MX_TIM15_Init	40	static
../Core/Src/main.c:1717:13:MX_TIM17_Init	24	static
../Core/Src/main.c:1763:13:MX_USART1_UART_Init	8	static
../Core/Src/main.c:1811:13:MX_USART2_UART_Init	8	static
../Core/Src/main.c:1857:13:MX_DMA_Init	16	static
../Core/Src/main.c:1878:13:MX_GPIO_Init	56	static
../Core/Src/main.c:1935:6:Error_Handler	8	static,ignoring_inline_asm
