../Core/Src/main.c:149:6:delay_in_us	16	static
../Core/Src/main.c:161:6:HAL_TIM_IC_CaptureCallback	16	static
../Core/Src/main.c:266:6:HCSR04_Read	8	static
../Core/Src/main.c:284:6:stateMachine	8	static
../Core/Src/main.c:340:6:HAL_UART_TxCpltCallback	16	static
../Core/Src/main.c:354:6:HAL_UART_RxCpltCallback	16	static
../Core/Src/main.c:437:6:HAL_TIM_PeriodElapsedCallback	16	static
../Core/Src/main.c:460:6:turnFunc	24	static
../Core/Src/main.c:473:6:speed	24	static
../Core/Src/main.c:488:6:turnLeft	16	static
../Core/Src/main.c:505:6:turnRight	16	static
../Core/Src/main.c:522:6:goStraight	16	static
../Core/Src/main.c:538:6:turnDOLLE	8	static
../Core/Src/main.c:565:5:main	8	static
../Core/Src/main.c:1017:6:SystemClock_Config	88	static
../Core/Src/main.c:1058:13:MX_TIM1_Init	40	static
../Core/Src/main.c:1112:13:MX_TIM3_Init	64	static
../Core/Src/main.c:1175:13:MX_USART1_UART_Init	8	static
../Core/Src/main.c:1223:13:MX_USART2_UART_Init	8	static
../Core/Src/main.c:1269:13:MX_DMA_Init	16	static
../Core/Src/main.c:1290:13:MX_GPIO_Init	48	static
../Core/Src/main.c:1326:6:Error_Handler	8	static,ignoring_inline_asm
