../Core/Src/main.c:235:6:delay_in_us	16	static
../Core/Src/main.c:245:6:HAL_TIM_IC_CaptureCallback	16	static
../Core/Src/main.c:275:6:HCSR04_Read	8	static
../Core/Src/main.c:309:6:HAL_UART_TxCpltCallback	16	static
../Core/Src/main.c:322:6:HAL_UART_RxCpltCallback	16	static
../Core/Src/main.c:384:6:speed	24	static
../Core/Src/main.c:399:6:turnLeft	16	static
../Core/Src/main.c:416:6:turnRight	16	static
../Core/Src/main.c:433:6:goStraight	16	static
../Core/Src/main.c:449:6:turnDOLLE	8	static
../Core/Src/main.c:477:6:reinitalize_aoa_UART	8	static
../Core/Src/main.c:496:5:main	8	static
../Core/Src/main.c:629:6:SystemClock_Config	88	static
../Core/Src/main.c:670:13:MX_TIM1_Init	40	static
../Core/Src/main.c:720:13:MX_TIM2_Init	40	static
../Core/Src/main.c:772:13:MX_TIM3_Init	64	static
../Core/Src/main.c:835:13:MX_TIM14_Init	24	static
../Core/Src/main.c:880:13:MX_TIM17_Init	24	static
../Core/Src/main.c:926:13:MX_USART1_UART_Init	8	static
../Core/Src/main.c:974:13:MX_USART2_UART_Init	8	static
../Core/Src/main.c:1008:13:MX_DMA_Init	16	static
../Core/Src/main.c:1029:13:MX_GPIO_Init	48	static
../Core/Src/main.c:1076:6:Error_Handler	8	static,ignoring_inline_asm
