../Core/Src/main.c:267:6:delay_in_us	24	static
../Core/Src/main.c:292:6:HAL_TIM_IC_CaptureCallback	16	static
../Core/Src/main.c:312:6:HCSR1_Read	8	static
../Core/Src/main.c:326:6:HCSR2_Read	8	static
../Core/Src/main.c:340:6:HCSR3_Read	8	static
../Core/Src/main.c:361:6:HAL_UART_TxCpltCallback	16	static
../Core/Src/main.c:375:6:HAL_UART_RxCpltCallback	16	static
../Core/Src/main.c:439:6:speed	24	static
../Core/Src/main.c:461:6:turnLeft	16	static
../Core/Src/main.c:483:6:turnRight	16	static
../Core/Src/main.c:504:6:turnLeftAnalog	16	static
../Core/Src/main.c:528:6:turnRightAnalog	16	static
../Core/Src/main.c:554:6:turnLeftCapped	24	static
../Core/Src/main.c:582:6:turnRightCapped	24	static
../Core/Src/main.c:612:6:goStraight	16	static
../Core/Src/main.c:632:6:goStraightAnalog	16	static
../Core/Src/main.c:659:6:goStraightAnalogCapped	16	static
../Core/Src/main.c:691:6:reinitalize_aoa_UART	8	static
../Core/Src/main.c:704:6:makeDecision	8	static
../Core/Src/main.c:803:5:main	16	static
../Core/Src/main.c:913:6:SystemClock_Config	88	static
../Core/Src/main.c:960:13:MX_TIM1_Init	40	static
../Core/Src/main.c:1010:13:MX_TIM2_Init	40	static
../Core/Src/main.c:1058:13:MX_TIM3_Init	64	static
../Core/Src/main.c:1121:13:MX_TIM17_Init	24	static
../Core/Src/main.c:1167:13:MX_USART1_UART_Init	8	static
../Core/Src/main.c:1213:13:MX_DMA_Init	16	static
../Core/Src/main.c:1231:13:MX_GPIO_Init	48	static
../Core/Src/main.c:1270:6:Error_Handler	8	static,ignoring_inline_asm
