../Core/Src/main.c:267:6:delay_in_us	24	static
../Core/Src/main.c:292:6:HAL_TIM_IC_CaptureCallback	16	static
../Core/Src/main.c:312:6:HCSR1_Read	8	static
../Core/Src/main.c:326:6:HCSR2_Read	8	static
../Core/Src/main.c:340:6:HCSR3_Read	8	static
../Core/Src/main.c:361:6:HAL_UART_TxCpltCallback	16	static
../Core/Src/main.c:375:6:HAL_UART_RxCpltCallback	16	static
../Core/Src/main.c:439:6:speed	24	static
../Core/Src/main.c:461:6:turnLeft	16	static
../Core/Src/main.c:483:6:turnRight	16	static
../Core/Src/main.c:504:6:turnLeftAnalog	16	static
../Core/Src/main.c:528:6:turnRightAnalog	16	static
../Core/Src/main.c:554:6:turnLeftCapped	24	static
../Core/Src/main.c:582:6:turnRightCapped	24	static
../Core/Src/main.c:612:6:goStraight	16	static
../Core/Src/main.c:632:6:goStraightAnalog	16	static
../Core/Src/main.c:659:6:goStraightAnalogCapped	16	static
../Core/Src/main.c:684:6:goStraightWithAdjustments	24	static
../Core/Src/main.c:720:6:reinitalize_aoa_UART	8	static
../Core/Src/main.c:733:6:makeDecision	8	static
../Core/Src/main.c:833:5:main	16	static
../Core/Src/main.c:943:6:SystemClock_Config	88	static
../Core/Src/main.c:990:13:MX_TIM1_Init	40	static
../Core/Src/main.c:1040:13:MX_TIM2_Init	40	static
../Core/Src/main.c:1088:13:MX_TIM3_Init	64	static
../Core/Src/main.c:1151:13:MX_TIM17_Init	24	static
../Core/Src/main.c:1197:13:MX_USART1_UART_Init	8	static
../Core/Src/main.c:1243:13:MX_DMA_Init	16	static
../Core/Src/main.c:1261:13:MX_GPIO_Init	48	static
../Core/Src/main.c:1300:6:Error_Handler	8	static,ignoring_inline_asm
