../Core/Src/main.c:250:6:delay_in_us	24	static
../Core/Src/main.c:277:6:HAL_TIM_IC_CaptureCallback	16	static
../Core/Src/main.c:307:6:HCSR04_Read	8	static
../Core/Src/main.c:341:6:HAL_UART_TxCpltCallback	16	static
../Core/Src/main.c:354:6:HAL_UART_RxCpltCallback	16	static
../Core/Src/main.c:416:6:speed	24	static
../Core/Src/main.c:431:6:turnLeft	16	static
../Core/Src/main.c:448:6:turnRight	16	static
../Core/Src/main.c:465:6:goStraight	16	static
../Core/Src/main.c:481:6:turnDOLLE	8	static
../Core/Src/main.c:509:6:reinitalize_aoa_UART	8	static
../Core/Src/main.c:528:5:main	8	static
../Core/Src/main.c:672:6:SystemClock_Config	88	static
../Core/Src/main.c:713:13:MX_TIM1_Init	40	static
../Core/Src/main.c:763:13:MX_TIM2_Init	40	static
../Core/Src/main.c:815:13:MX_TIM3_Init	64	static
../Core/Src/main.c:878:13:MX_TIM14_Init	24	static
../Core/Src/main.c:923:13:MX_TIM17_Init	24	static
../Core/Src/main.c:969:13:MX_USART1_UART_Init	8	static
../Core/Src/main.c:1017:13:MX_USART2_UART_Init	8	static
../Core/Src/main.c:1051:13:MX_DMA_Init	16	static
../Core/Src/main.c:1072:13:MX_GPIO_Init	48	static
../Core/Src/main.c:1119:6:Error_Handler	8	static,ignoring_inline_asm
