../Core/Src/main.c:265:6:delay_in_us	24	static
../Core/Src/main.c:290:6:HAL_TIM_IC_CaptureCallback	16	static
../Core/Src/main.c:310:6:HCSR1_Read	8	static
../Core/Src/main.c:324:6:HCSR2_Read	8	static
../Core/Src/main.c:338:6:HCSR3_Read	8	static
../Core/Src/main.c:359:6:HAL_UART_TxCpltCallback	16	static
../Core/Src/main.c:372:6:HAL_UART_RxCpltCallback	16	static
../Core/Src/main.c:431:6:speed	24	static
../Core/Src/main.c:453:6:turnLeft	16	static
../Core/Src/main.c:471:6:turnRight	16	static
../Core/Src/main.c:489:6:goStraight	16	static
../Core/Src/main.c:506:6:goStraightAnalog	16	static
../Core/Src/main.c:527:6:goStraightAnalogCapped	16	static
../Core/Src/main.c:555:6:reinitalize_aoa_UART	8	static
../Core/Src/main.c:568:6:makeDecision	8	static
../Core/Src/main.c:660:5:main	16	static
../Core/Src/main.c:771:6:SystemClock_Config	88	static
../Core/Src/main.c:812:13:MX_TIM1_Init	40	static
../Core/Src/main.c:862:13:MX_TIM2_Init	40	static
../Core/Src/main.c:910:13:MX_TIM3_Init	64	static
../Core/Src/main.c:973:13:MX_TIM14_Init	8	static
../Core/Src/main.c:1004:13:MX_TIM17_Init	24	static
../Core/Src/main.c:1050:13:MX_USART1_UART_Init	8	static
../Core/Src/main.c:1096:13:MX_DMA_Init	16	static
../Core/Src/main.c:1114:13:MX_GPIO_Init	48	static
../Core/Src/main.c:1153:6:Error_Handler	8	static,ignoring_inline_asm
